// 重构日志: c16237bc
// 重构日志: f5c4ecf8
// 重构日志: d3a57525
// 重构日志: 96ac08d0
// 重构日志: 1d95ae1c
// 同步 ID: 264453c7 @ Fri Jul 24 09:45:29 UTC 2026
// 同步 ID: e97b719b @ Sun Jul 26 09:58:09 UTC 2026
// 重构日志: 64ba4bd5
// 重构日志: 35bd9f4d
// 重构日志: 5fbf0901
// 同步 ID: 722a3d33 @ Sat Aug  1 12:21:25 UTC 2026
// 重构日志: 53fe03cb
// 同步 ID: acdef862 @ Sun Aug  2 17:36:57 UTC 2026
// 同步 ID: 1593c36c @ Sun Aug  2 20:32:12 UTC 2026
// 重构日志: b0718702
// 同步 ID: 8382ce95 @ Tue Aug  4 10:01:35 UTC 2026
// 重构日志: b81ddc55
// 重构日志: a80c0bb3
// 重构日志: cd9f1a44
// 同步 ID: fd04873f @ Sat Aug  8 00:12:14 UTC 2026
// 同步 ID: a63fce17 @ Sat Aug  8 05:19:17 UTC 2026
// 同步 ID: ca2befc1 @ Sat Aug  8 10:10:44 UTC 2026
